// Jest Snapshot v1, https://goo.gl/fbAQLP

exports[`Element resolver in configuration resolves correctly passes parsed data to the model 1`] = `
Array [
  Array [
    Object {
      "children": Array [],
      "id": "dummy-kentico-kontent-taxonomy-personas",
      "internal": Object {
        "contentDigest": "91ece672836106bfc0f186606f20a01d",
        "type": "KontentTaxonomyPersonas",
      },
      "parent": null,
      "system": Object {
        "codename": "personas",
        "id": "f30c7f72-e9ab-8832-2a57-62944a038809",
        "lastModified": "2016-10-20T13:24:00.3200000Z",
        "name": "Personas",
      },
      "terms": Array [
        Object {
          "codename": "coffee_expert",
          "name": "Coffee expert",
          "terms": Array [
            Object {
              "codename": "barista",
              "name": "Barista",
              "terms": Array [],
            },
            Object {
              "codename": "cafe_owner",
              "name": "Cafe owner",
              "terms": Array [],
            },
          ],
        },
        Object {
          "codename": "coffee_enthusiast",
          "name": "Coffee enthusiast",
          "terms": Array [
            Object {
              "codename": "coffee_lover",
              "name": "Coffee lover",
              "terms": Array [],
            },
            Object {
              "codename": "coffee_blogger",
              "name": "Coffee blogger",
              "terms": Array [],
            },
          ],
        },
      ],
      "usedByContentItems___NODE": Array [],
    },
  ],
  Array [
    Object {
      "children": Array [],
      "contentItems___NODE": Array [
        "dummy-kentico-kontent-item-content_item_1-default",
      ],
      "elements": Array [
        Object {
          "codename": "custom_element",
          "name": "Youtube",
          "options": Array [],
          "type": "custom",
        },
      ],
      "id": "dummy-kentico-kontent-type-content-type",
      "internal": Object {
        "contentDigest": "b76693de90391308edcfcdd6639ead60",
        "type": "KontentTypeContentType",
      },
      "parent": null,
      "system": Object {
        "codename": "content_type",
        "id": "9ea98d20-a477-455c-b30f-0e3b9d055795",
        "lastModified": "2018-12-28T00:00:00.115595Z",
        "name": "Content type",
      },
      "usedByContentItems___NODE": Array [],
    },
  ],
  Array [
    Object {
      "children": Array [],
      "contentType___NODE": "dummy-kentico-kontent-type-content-type",
      "elements": Object {
        "custom_element": Object {
          "name": "Youtube",
          "title": "Eminem - Lose Yourself [HD]",
          "type": "custom",
          "value": "{\\"title\\":\\"Eminem - Lose Yourself [HD]\\",\\"videoId\\":\\"_Yhyp-_hX2s\\"}",
          "videoId": "_Yhyp-_hX2s",
        },
      },
      "id": "dummy-kentico-kontent-item-content_item_1-default",
      "internal": Object {
        "contentDigest": "7be3f945c82e0dc4ac4aa36f4be493b9",
        "type": "KontentItemContentType",
      },
      "otherLanguages___NODE": Array [],
      "parent": null,
      "preferred_language": "default",
      "system": Object {
        "codename": "content_item_1",
        "id": "7e70cb89-9281-4db9-8130-36076ee1e698",
        "language": "default",
        "lastModified": "2018-12-28T00:00:00.322Z",
        "name": "Content item 1",
        "sitemapLocations": Array [],
        "type": "content_type",
      },
      "usedByContentItems___NODE": Array [],
    },
  ],
]
`;
